// Jest Snapshot v1, https://goo.gl/fbAQLP

exports[`[Snapshot tests] Tile activities should render a button 1`] = `
<button
  className="tile-item tile custom "
  onClick={[MockFunction]}
>
  A
</button>
`;
